Analyzing ART-OF-EVOLVE...

   info - lib\src\core\utils\string_extensions.dart:79:5 - Local variables should be final. Try making the variable final. - prefer_final_locals
   info - lib\src\core\utils\string_extensions.dart:94:5 - Local variables should be final. Try making the variable final. - prefer_final_locals
   info - lib\src\features\home\presentation\widgets\dashboard_header.dart:25:5 - Unnecessary type annotation on a local variable. Try removing the type annotation. - omit_local_variable_types
   info - test\unit\user_repository_test.dart:193:12 - Unnecessary type annotation on a local variable. Try removing the type annotation. - omit_local_variable_types
   info - test\widgets\format_toolbar_test.dart:10:5 - Unnecessary type annotation on a local variable. Try removing the type annotation. - omit_local_variable_types
   info - test\widgets\format_toolbar_test.dart:11:5 - Unnecessary type annotation on a local variable. Try removing the type annotation. - omit_local_variable_types
   info - test\widgets\format_toolbar_test.dart:12:5 - Unnecessary type annotation on a local variable. Try removing the type annotation. - omit_local_variable_types
   info - test\widgets\format_toolbar_test.dart:13:5 - Unnecessary type annotation on a local variable. Try removing the type annotation. - omit_local_variable_types
   info - test\widgets\format_toolbar_test.dart:14:5 - Unnecessary type annotation on a local variable. Try removing the type annotation. - omit_local_variable_types
   info - test\widgets\toolbar_item_test.dart:7:5 - Unnecessary type annotation on a local variable. Try removing the type annotation. - omit_local_variable_types

10 issues found.
