00:00 +0: loading D:/ART-OF-EVOLVE/test/widgets/statistics_screen_test.dart
00:00 +0: StatisticsScreen renders correctly with data
ΓòÉΓòÉΓòí EXCEPTION CAUGHT BY RENDERING LIBRARY Γò₧ΓòÉΓòÉΓòÉΓòÉΓòÉΓòÉΓòÉΓòÉΓòÉΓòÉΓòÉΓòÉΓòÉΓòÉΓòÉΓòÉΓòÉΓòÉΓòÉΓòÉΓòÉΓòÉΓòÉΓòÉΓòÉΓòÉΓòÉΓòÉΓòÉΓòÉΓòÉΓòÉΓòÉΓòÉΓòÉΓòÉΓòÉΓòÉΓòÉΓòÉΓòÉΓòÉΓòÉΓòÉΓòÉΓòÉΓòÉΓòÉΓòÉΓòÉΓòÉΓòÉΓòÉΓòÉΓòÉΓòÉΓòÉ
The following assertion was thrown during layout:
A RenderFlex overflowed by 4.0 pixels on the bottom.

The relevant error-causing widget was:
  Column
  Column:file:///D:/ART-OF-EVOLVE/lib/src/features/statistics/presentation/statistics_screen.dart:327:26

The overflowing RenderFlex has an orientation of Axis.vertical.
The edge of the RenderFlex that is overflowing has been marked in the rendering with a yellow and
black striped pattern. This is usually caused by the contents being too big for the RenderFlex.
Consider applying a flex factor (e.g. using an Expanded widget) to force the children of the
RenderFlex to fit within the available space instead of being sized to their natural size.
This is considered an error condition because it indicates that there is content that cannot be
seen. If the content is legitimately bigger than the available space, consider clipping it with a
ClipRect widget before putting it in the flex, or using a scrollable container rather than a Flex,
like a ListView.
The specific RenderFlex in question is: RenderFlex#44934 relayoutBoundary=up22 OVERFLOWING:
  creator: Column ΓåÉ Row ΓåÉ SizedBox ΓåÉ Column ΓåÉ Padding ΓåÉ Semantics ΓåÉ DefaultTextStyle ΓåÉ
    AnimatedDefaultTextStyle ΓåÉ _InkFeatures-[GlobalKey#4e4f6 ink renderer] ΓåÉ
    NotificationListener<LayoutChangedNotification> ΓåÉ CustomPaint ΓåÉ _ShapeBorderPaint ΓåÉ Γï»
  parentData: offset=Offset(547.1, 0.0); flex=null; fit=null (can use size)
  constraints: BoxConstraints(0.0<=w<=Infinity, 0.0<=h<=120.0)
  size: Size(37.2, 120.0)
  direction: vertical
  mainAxisAlignment: end
  mainAxisSize: max
  crossAxisAlignment: center
  verticalDirection: down
  spacing: 0.0
ΓùóΓùñΓùóΓùñΓùóΓùñΓùóΓùñΓùóΓùñΓùóΓùñΓùóΓùñΓùóΓùñΓùóΓùñΓùóΓùñΓùóΓùñΓùóΓùñΓùóΓùñΓùóΓùñΓùóΓùñΓùóΓùñΓùóΓùñΓùóΓùñΓùóΓùñΓùóΓùñΓùóΓùñΓùóΓùñΓùóΓùñΓùóΓùñΓùóΓùñΓùóΓùñΓùóΓùñΓùóΓùñΓùóΓùñΓùóΓùñΓùóΓùñΓùóΓùñΓùóΓùñΓùóΓùñΓùóΓùñΓùóΓùñΓùóΓùñΓùóΓùñΓùóΓùñΓùóΓùñΓùóΓùñΓùóΓùñΓùóΓùñΓùóΓùñΓùóΓùñΓùóΓùñΓùóΓùñΓùóΓùñΓùóΓùñΓùóΓùñ
ΓòÉΓòÉΓòÉΓòÉΓòÉΓòÉΓòÉΓòÉΓòÉΓòÉΓòÉΓòÉΓòÉΓòÉΓòÉΓòÉΓòÉΓòÉΓòÉΓòÉΓòÉΓòÉΓòÉΓòÉΓòÉΓòÉΓòÉΓòÉΓòÉΓòÉΓòÉΓòÉΓòÉΓòÉΓòÉΓòÉΓòÉΓòÉΓòÉΓòÉΓòÉΓòÉΓòÉΓòÉΓòÉΓòÉΓòÉΓòÉΓòÉΓòÉΓòÉΓòÉΓòÉΓòÉΓòÉΓòÉΓòÉΓòÉΓòÉΓòÉΓòÉΓòÉΓòÉΓòÉΓòÉΓòÉΓòÉΓòÉΓòÉΓòÉΓòÉΓòÉΓòÉΓòÉΓòÉΓòÉΓòÉΓòÉΓòÉΓòÉΓòÉΓòÉΓòÉΓòÉΓòÉΓòÉΓòÉΓòÉΓòÉΓòÉΓòÉΓòÉΓòÉΓòÉΓòÉΓòÉΓòÉΓòÉΓòÉΓòÉ
ΓòÉΓòÉΓòí EXCEPTION CAUGHT BY RENDERING LIBRARY Γò₧ΓòÉΓòÉΓòÉΓòÉΓòÉΓòÉΓòÉΓòÉΓòÉΓòÉΓòÉΓòÉΓòÉΓòÉΓòÉΓòÉΓòÉΓòÉΓòÉΓòÉΓòÉΓòÉΓòÉΓòÉΓòÉΓòÉΓòÉΓòÉΓòÉΓòÉΓòÉΓòÉΓòÉΓòÉΓòÉΓòÉΓòÉΓòÉΓòÉΓòÉΓòÉΓòÉΓòÉΓòÉΓòÉΓòÉΓòÉΓòÉΓòÉΓòÉΓòÉΓòÉΓòÉΓòÉΓòÉΓòÉΓòÉ
The following assertion was thrown during layout:
A RenderFlex overflowed by 14 pixels on the bottom.

The relevant error-causing widget was:
  Column
  Column:file:///D:/ART-OF-EVOLVE/lib/src/features/statistics/presentation/statistics_screen.dart:327:26

The overflowing RenderFlex has an orientation of Axis.vertical.
The edge of the RenderFlex that is overflowing has been marked in the rendering with a yellow and
black striped pattern. This is usually caused by the contents being too big for the RenderFlex.
Consider applying a flex factor (e.g. using an Expanded widget) to force the children of the
RenderFlex to fit within the available space instead of being sized to their natural size.
This is considered an error condition because it indicates that there is content that cannot be
seen. If the content is legitimately bigger than the available space, consider clipping it with a
ClipRect widget before putting it in the flex, or using a scrollable container rather than a Flex,
like a ListView.
The specific RenderFlex in question is: RenderFlex#ffe35 relayoutBoundary=up22 OVERFLOWING:
  creator: Column ΓåÉ Row ΓåÉ SizedBox ΓåÉ Column ΓåÉ Padding ΓåÉ Semantics ΓåÉ DefaultTextStyle ΓåÉ
    AnimatedDefaultTextStyle ΓåÉ _InkFeatures-[GlobalKey#4e4f6 ink renderer] ΓåÉ
    NotificationListener<LayoutChangedNotification> ΓåÉ CustomPaint ΓåÉ _ShapeBorderPaint ΓåÉ Γï»
  parentData: offset=Offset(650.0, 0.0); flex=null; fit=null (can use size)
  constraints: BoxConstraints(0.0<=w<=Infinity, 0.0<=h<=120.0)
  size: Size(37.2, 120.0)
  direction: vertical
  mainAxisAlignment: end
  mainAxisSize: max
  crossAxisAlignment: center
  verticalDirection: down
  spacing: 0.0
ΓùóΓùñΓùóΓùñΓùóΓùñΓùóΓùñΓùóΓùñΓùóΓùñΓùóΓùñΓùóΓùñΓùóΓùñΓùóΓùñΓùóΓùñΓùóΓùñΓùóΓùñΓùóΓùñΓùóΓùñΓùóΓùñΓùóΓùñΓùóΓùñΓùóΓùñΓùóΓùñΓùóΓùñΓùóΓùñΓùóΓùñΓùóΓùñΓùóΓùñΓùóΓùñΓùóΓùñΓùóΓùñΓùóΓùñΓùóΓùñΓùóΓùñΓùóΓùñΓùóΓùñΓùóΓùñΓùóΓùñΓùóΓùñΓùóΓùñΓùóΓùñΓùóΓùñΓùóΓùñΓùóΓùñΓùóΓùñΓùóΓùñΓùóΓùñΓùóΓùñΓùóΓùñΓùóΓùñΓùóΓùñΓùóΓùñΓùóΓùñ
ΓòÉΓòÉΓòÉΓòÉΓòÉΓòÉΓòÉΓòÉΓòÉΓòÉΓòÉΓòÉΓòÉΓòÉΓòÉΓòÉΓòÉΓòÉΓòÉΓòÉΓòÉΓòÉΓòÉΓòÉΓòÉΓòÉΓòÉΓòÉΓòÉΓòÉΓòÉΓòÉΓòÉΓòÉΓòÉΓòÉΓòÉΓòÉΓòÉΓòÉΓòÉΓòÉΓòÉΓòÉΓòÉΓòÉΓòÉΓòÉΓòÉΓòÉΓòÉΓòÉΓòÉΓòÉΓòÉΓòÉΓòÉΓòÉΓòÉΓòÉΓòÉΓòÉΓòÉΓòÉΓòÉΓòÉΓòÉΓòÉΓòÉΓòÉΓòÉΓòÉΓòÉΓòÉΓòÉΓòÉΓòÉΓòÉΓòÉΓòÉΓòÉΓòÉΓòÉΓòÉΓòÉΓòÉΓòÉΓòÉΓòÉΓòÉΓòÉΓòÉΓòÉΓòÉΓòÉΓòÉΓòÉΓòÉΓòÉΓòÉ
ΓòÉΓòÉΓòí EXCEPTION CAUGHT BY FLUTTER TEST FRAMEWORK Γò₧ΓòÉΓòÉΓòÉΓòÉΓòÉΓòÉΓòÉΓòÉΓòÉΓòÉΓòÉΓòÉΓòÉΓòÉΓòÉΓòÉΓòÉΓòÉΓòÉΓòÉΓòÉΓòÉΓòÉΓòÉΓòÉΓòÉΓòÉΓòÉΓòÉΓòÉΓòÉΓòÉΓòÉΓòÉΓòÉΓòÉΓòÉΓòÉΓòÉΓòÉΓòÉΓòÉΓòÉΓòÉΓòÉΓòÉΓòÉΓòÉΓòÉΓòÉΓòÉΓòÉ
The following message was thrown:
Multiple exceptions (2) were detected during the running of the current test, and at least one was
unexpected.
ΓòÉΓòÉΓòÉΓòÉΓòÉΓòÉΓòÉΓòÉΓòÉΓòÉΓòÉΓòÉΓòÉΓòÉΓòÉΓòÉΓòÉΓòÉΓòÉΓòÉΓòÉΓòÉΓòÉΓòÉΓòÉΓòÉΓòÉΓòÉΓòÉΓòÉΓòÉΓòÉΓòÉΓòÉΓòÉΓòÉΓòÉΓòÉΓòÉΓòÉΓòÉΓòÉΓòÉΓòÉΓòÉΓòÉΓòÉΓòÉΓòÉΓòÉΓòÉΓòÉΓòÉΓòÉΓòÉΓòÉΓòÉΓòÉΓòÉΓòÉΓòÉΓòÉΓòÉΓòÉΓòÉΓòÉΓòÉΓòÉΓòÉΓòÉΓòÉΓòÉΓòÉΓòÉΓòÉΓòÉΓòÉΓòÉΓòÉΓòÉΓòÉΓòÉΓòÉΓòÉΓòÉΓòÉΓòÉΓòÉΓòÉΓòÉΓòÉΓòÉΓòÉΓòÉΓòÉΓòÉΓòÉΓòÉΓòÉΓòÉ
00:00 +0 -1: StatisticsScreen renders correctly with data [E]
  Test failed. See exception logs above.
  The test description was: StatisticsScreen renders correctly with data
  
00:00 +0 -1: StatisticsScreen handles empty data
ΓòÉΓòÉΓòí EXCEPTION CAUGHT BY RENDERING LIBRARY Γò₧ΓòÉΓòÉΓòÉΓòÉΓòÉΓòÉΓòÉΓòÉΓòÉΓòÉΓòÉΓòÉΓòÉΓòÉΓòÉΓòÉΓòÉΓòÉΓòÉΓòÉΓòÉΓòÉΓòÉΓòÉΓòÉΓòÉΓòÉΓòÉΓòÉΓòÉΓòÉΓòÉΓòÉΓòÉΓòÉΓòÉΓòÉΓòÉΓòÉΓòÉΓòÉΓòÉΓòÉΓòÉΓòÉΓòÉΓòÉΓòÉΓòÉΓòÉΓòÉΓòÉΓòÉΓòÉΓòÉΓòÉΓòÉ
The following assertion was thrown during layout:
A RenderFlex overflowed by 4.0 pixels on the bottom.

The relevant error-causing widget was:
  Column
  Column:file:///D:/ART-OF-EVOLVE/lib/src/features/statistics/presentation/statistics_screen.dart:327:26

The overflowing RenderFlex has an orientation of Axis.vertical.
The edge of the RenderFlex that is overflowing has been marked in the rendering with a yellow and
black striped pattern. This is usually caused by the contents being too big for the RenderFlex.
Consider applying a flex factor (e.g. using an Expanded widget) to force the children of the
RenderFlex to fit within the available space instead of being sized to their natural size.
This is considered an error condition because it indicates that there is content that cannot be
seen. If the content is legitimately bigger than the available space, consider clipping it with a
ClipRect widget before putting it in the flex, or using a scrollable container rather than a Flex,
like a ListView.
The specific RenderFlex in question is: RenderFlex#5cfd4 relayoutBoundary=up22 OVERFLOWING:
  creator: Column ΓåÉ Row ΓåÉ SizedBox ΓåÉ Column ΓåÉ Padding ΓåÉ Semantics ΓåÉ DefaultTextStyle ΓåÉ
    AnimatedDefaultTextStyle ΓåÉ _InkFeatures-[GlobalKey#6eaeb ink renderer] ΓåÉ
    NotificationListener<LayoutChangedNotification> ΓåÉ CustomPaint ΓåÉ _ShapeBorderPaint ΓåÉ Γï»
  parentData: offset=Offset(547.1, 0.0); flex=null; fit=null (can use size)
  constraints: BoxConstraints(0.0<=w<=Infinity, 0.0<=h<=120.0)
  size: Size(37.2, 120.0)
  direction: vertical
  mainAxisAlignment: end
  mainAxisSize: max
  crossAxisAlignment: center
  verticalDirection: down
  spacing: 0.0
ΓùóΓùñΓùóΓùñΓùóΓùñΓùóΓùñΓùóΓùñΓùóΓùñΓùóΓùñΓùóΓùñΓùóΓùñΓùóΓùñΓùóΓùñΓùóΓùñΓùóΓùñΓùóΓùñΓùóΓùñΓùóΓùñΓùóΓùñΓùóΓùñΓùóΓùñΓùóΓùñΓùóΓùñΓùóΓùñΓùóΓùñΓùóΓùñΓùóΓùñΓùóΓùñΓùóΓùñΓùóΓùñΓùóΓùñΓùóΓùñΓùóΓùñΓùóΓùñΓùóΓùñΓùóΓùñΓùóΓùñΓùóΓùñΓùóΓùñΓùóΓùñΓùóΓùñΓùóΓùñΓùóΓùñΓùóΓùñΓùóΓùñΓùóΓùñΓùóΓùñΓùóΓùñΓùóΓùñΓùóΓùñΓùóΓùñΓùóΓùñ
ΓòÉΓòÉΓòÉΓòÉΓòÉΓòÉΓòÉΓòÉΓòÉΓòÉΓòÉΓòÉΓòÉΓòÉΓòÉΓòÉΓòÉΓòÉΓòÉΓòÉΓòÉΓòÉΓòÉΓòÉΓòÉΓòÉΓòÉΓòÉΓòÉΓòÉΓòÉΓòÉΓòÉΓòÉΓòÉΓòÉΓòÉΓòÉΓòÉΓòÉΓòÉΓòÉΓòÉΓòÉΓòÉΓòÉΓòÉΓòÉΓòÉΓòÉΓòÉΓòÉΓòÉΓòÉΓòÉΓòÉΓòÉΓòÉΓòÉΓòÉΓòÉΓòÉΓòÉΓòÉΓòÉΓòÉΓòÉΓòÉΓòÉΓòÉΓòÉΓòÉΓòÉΓòÉΓòÉΓòÉΓòÉΓòÉΓòÉΓòÉΓòÉΓòÉΓòÉΓòÉΓòÉΓòÉΓòÉΓòÉΓòÉΓòÉΓòÉΓòÉΓòÉΓòÉΓòÉΓòÉΓòÉΓòÉΓòÉΓòÉ
ΓòÉΓòÉΓòí EXCEPTION CAUGHT BY RENDERING LIBRARY Γò₧ΓòÉΓòÉΓòÉΓòÉΓòÉΓòÉΓòÉΓòÉΓòÉΓòÉΓòÉΓòÉΓòÉΓòÉΓòÉΓòÉΓòÉΓòÉΓòÉΓòÉΓòÉΓòÉΓòÉΓòÉΓòÉΓòÉΓòÉΓòÉΓòÉΓòÉΓòÉΓòÉΓòÉΓòÉΓòÉΓòÉΓòÉΓòÉΓòÉΓòÉΓòÉΓòÉΓòÉΓòÉΓòÉΓòÉΓòÉΓòÉΓòÉΓòÉΓòÉΓòÉΓòÉΓòÉΓòÉΓòÉΓòÉ
The following assertion was thrown during layout:
A RenderFlex overflowed by 14 pixels on the bottom.

The relevant error-causing widget was:
  Column
  Column:file:///D:/ART-OF-EVOLVE/lib/src/features/statistics/presentation/statistics_screen.dart:327:26

The overflowing RenderFlex has an orientation of Axis.vertical.
The edge of the RenderFlex that is overflowing has been marked in the rendering with a yellow and
black striped pattern. This is usually caused by the contents being too big for the RenderFlex.
Consider applying a flex factor (e.g. using an Expanded widget) to force the children of the
RenderFlex to fit within the available space instead of being sized to their natural size.
This is considered an error condition because it indicates that there is content that cannot be
seen. If the content is legitimately bigger than the available space, consider clipping it with a
ClipRect widget before putting it in the flex, or using a scrollable container rather than a Flex,
like a ListView.
The specific RenderFlex in question is: RenderFlex#6bad1 relayoutBoundary=up22 OVERFLOWING:
  creator: Column ΓåÉ Row ΓåÉ SizedBox ΓåÉ Column ΓåÉ Padding ΓåÉ Semantics ΓåÉ DefaultTextStyle ΓåÉ
    AnimatedDefaultTextStyle ΓåÉ _InkFeatures-[GlobalKey#6eaeb ink renderer] ΓåÉ
    NotificationListener<LayoutChangedNotification> ΓåÉ CustomPaint ΓåÉ _ShapeBorderPaint ΓåÉ Γï»
  parentData: offset=Offset(650.0, 0.0); flex=null; fit=null (can use size)
  constraints: BoxConstraints(0.0<=w<=Infinity, 0.0<=h<=120.0)
  size: Size(37.2, 120.0)
  direction: vertical
  mainAxisAlignment: end
  mainAxisSize: max
  crossAxisAlignment: center
  verticalDirection: down
  spacing: 0.0
ΓùóΓùñΓùóΓùñΓùóΓùñΓùóΓùñΓùóΓùñΓùóΓùñΓùóΓùñΓùóΓùñΓùóΓùñΓùóΓùñΓùóΓùñΓùóΓùñΓùóΓùñΓùóΓùñΓùóΓùñΓùóΓùñΓùóΓùñΓùóΓùñΓùóΓùñΓùóΓùñΓùóΓùñΓùóΓùñΓùóΓùñΓùóΓùñΓùóΓùñΓùóΓùñΓùóΓùñΓùóΓùñΓùóΓùñΓùóΓùñΓùóΓùñΓùóΓùñΓùóΓùñΓùóΓùñΓùóΓùñΓùóΓùñΓùóΓùñΓùóΓùñΓùóΓùñΓùóΓùñΓùóΓùñΓùóΓùñΓùóΓùñΓùóΓùñΓùóΓùñΓùóΓùñΓùóΓùñΓùóΓùñΓùóΓùñΓùóΓùñ
ΓòÉΓòÉΓòÉΓòÉΓòÉΓòÉΓòÉΓòÉΓòÉΓòÉΓòÉΓòÉΓòÉΓòÉΓòÉΓòÉΓòÉΓòÉΓòÉΓòÉΓòÉΓòÉΓòÉΓòÉΓòÉΓòÉΓòÉΓòÉΓòÉΓòÉΓòÉΓòÉΓòÉΓòÉΓòÉΓòÉΓòÉΓòÉΓòÉΓòÉΓòÉΓòÉΓòÉΓòÉΓòÉΓòÉΓòÉΓòÉΓòÉΓòÉΓòÉΓòÉΓòÉΓòÉΓòÉΓòÉΓòÉΓòÉΓòÉΓòÉΓòÉΓòÉΓòÉΓòÉΓòÉΓòÉΓòÉΓòÉΓòÉΓòÉΓòÉΓòÉΓòÉΓòÉΓòÉΓòÉΓòÉΓòÉΓòÉΓòÉΓòÉΓòÉΓòÉΓòÉΓòÉΓòÉΓòÉΓòÉΓòÉΓòÉΓòÉΓòÉΓòÉΓòÉΓòÉΓòÉΓòÉΓòÉΓòÉΓòÉ
ΓòÉΓòÉΓòí EXCEPTION CAUGHT BY FLUTTER TEST FRAMEWORK Γò₧ΓòÉΓòÉΓòÉΓòÉΓòÉΓòÉΓòÉΓòÉΓòÉΓòÉΓòÉΓòÉΓòÉΓòÉΓòÉΓòÉΓòÉΓòÉΓòÉΓòÉΓòÉΓòÉΓòÉΓòÉΓòÉΓòÉΓòÉΓòÉΓòÉΓòÉΓòÉΓòÉΓòÉΓòÉΓòÉΓòÉΓòÉΓòÉΓòÉΓòÉΓòÉΓòÉΓòÉΓòÉΓòÉΓòÉΓòÉΓòÉΓòÉΓòÉΓòÉΓòÉ
The following message was thrown:
Multiple exceptions (2) were detected during the running of the current test, and at least one was
unexpected.
ΓòÉΓòÉΓòÉΓòÉΓòÉΓòÉΓòÉΓòÉΓòÉΓòÉΓòÉΓòÉΓòÉΓòÉΓòÉΓòÉΓòÉΓòÉΓòÉΓòÉΓòÉΓòÉΓòÉΓòÉΓòÉΓòÉΓòÉΓòÉΓòÉΓòÉΓòÉΓòÉΓòÉΓòÉΓòÉΓòÉΓòÉΓòÉΓòÉΓòÉΓòÉΓòÉΓòÉΓòÉΓòÉΓòÉΓòÉΓòÉΓòÉΓòÉΓòÉΓòÉΓòÉΓòÉΓòÉΓòÉΓòÉΓòÉΓòÉΓòÉΓòÉΓòÉΓòÉΓòÉΓòÉΓòÉΓòÉΓòÉΓòÉΓòÉΓòÉΓòÉΓòÉΓòÉΓòÉΓòÉΓòÉΓòÉΓòÉΓòÉΓòÉΓòÉΓòÉΓòÉΓòÉΓòÉΓòÉΓòÉΓòÉΓòÉΓòÉΓòÉΓòÉΓòÉΓòÉΓòÉΓòÉΓòÉΓòÉΓòÉ
00:00 +0 -2: StatisticsScreen handles empty data [E]
  Test failed. See exception logs above.
  The test description was: StatisticsScreen handles empty data
  
00:00 +0 -2: Some tests failed.
